org/akaza/openclinica/module/subject/repository/SubjectRepository.class
org/akaza/openclinica/module/identity/repository/RoleRepository.class
org/akaza/openclinica/module/randomization/dto/RandomizeRequest.class
org/akaza/openclinica/module/crf/dto/CrfVersionDTO.class
org/akaza/openclinica/module/subject/service/SubjectService.class
org/akaza/openclinica/module/event/service/EventService.class
org/akaza/openclinica/module/datacapture/repository/ItemDataRepository.class
org/akaza/openclinica/module/legacy/controller/LegacySubjectController.class
org/akaza/openclinica/module/notification/NotificationEvent.class
org/akaza/openclinica/module/notification/NotificationEvent$NotificationType.class
org/akaza/openclinica/module/datacapture/entity/ItemDataEntity.class
org/akaza/openclinica/module/event/repository/StudyEventDefinitionRepository.class
org/akaza/openclinica/module/subject/repository/StudySubjectRepository.class
org/akaza/openclinica/module/identity/controller/IdentityController.class
org/akaza/openclinica/OpenClinicaServletInitializer.class
org/akaza/openclinica/module/study/package-info.class
org/akaza/openclinica/module/legacy/dto/StudySummaryDTO.class
org/akaza/openclinica/module/randomization/service/RandomizationService.class
org/akaza/openclinica/module/randomization/dto/AssignmentDTO.class
org/akaza/openclinica/module/randomization/dto/UnblindingRequestDTO.class
org/akaza/openclinica/module/randomization/service/RandomizationAlgorithmStrategy.class
org/akaza/openclinica/module/notification/package-info.class
org/akaza/openclinica/module/datacapture/repository/ItemGroupRepository.class
org/akaza/openclinica/module/identity/package-info.class
org/akaza/openclinica/module/randomization/dto/SchemeDTO.class
org/akaza/openclinica/module/subject/dto/StudySubjectDTO.class
org/akaza/openclinica/module/datacapture/service/DataCaptureService.class
org/akaza/openclinica/module/datacapture/repository/ResponseSetRepository.class
org/akaza/openclinica/module/audit/entity/AuditLog.class
org/akaza/openclinica/module/crf/package-info.class
org/akaza/openclinica/module/crf/dto/CrfSummaryDTO.class
org/akaza/openclinica/config/WebServiceConfig.class
org/akaza/openclinica/module/randomization/repository/RandomizationAuditLogRepository.class
org/akaza/openclinica/module/datacapture/controller/DataCaptureController.class
org/akaza/openclinica/module/crf/service/CrfService.class
org/akaza/openclinica/module/audit/repository/AuditLogRepository.class
org/akaza/openclinica/module/export/controller/ExportController.class
org/akaza/openclinica/module/randomization/entity/RandomizationBlock.class
org/akaza/openclinica/module/randomization/repository/UnblindingRequestRepository.class
org/akaza/openclinica/config/WebMvcConfig$1.class
org/akaza/openclinica/module/identity/dto/UserDTO.class
org/akaza/openclinica/module/audit/controller/AuditController.class
org/akaza/openclinica/module/randomization/enums/AuditAction.class
org/akaza/openclinica/module/randomization/service/UnblindingService.class
org/akaza/openclinica/module/randomization/dto/SchemeSummaryDTO.class
org/akaza/openclinica/module/randomization/repository/RandomizationArmRepository.class
org/akaza/openclinica/module/randomization/entity/RandomizationAssignment.class
org/akaza/openclinica/module/study/repository/StudyRepository.class
org/akaza/openclinica/module/study/enums/StudyStatus.class
org/akaza/openclinica/module/subject/package-info.class
org/akaza/openclinica/module/event/entity/StudyEventDefinitionEntity.class
org/akaza/openclinica/config/OpenApiConfig.class
org/akaza/openclinica/module/crf/internal/adapter/LegacyCrfAdapter.class
org/akaza/openclinica/module/randomization/entity/RandomizationArm.class
org/akaza/openclinica/module/subject/controller/SubjectController.class
org/akaza/openclinica/module/subject/entity/StudySubjectEntity.class
org/akaza/openclinica/module/event/dto/EventCrfDTO.class
org/akaza/openclinica/module/event/dto/StudyEventDTO.class
org/akaza/openclinica/module/datacapture/dto/ItemDataDTO.class
org/akaza/openclinica/module/event/package-info.class
org/akaza/openclinica/module/randomization/algorithms/StratifiedBlockRandomization.class
org/akaza/openclinica/module/identity/entity/UserAccountEntity.class
org/akaza/openclinica/module/export/dto/ExportJobDTO.class
org/akaza/openclinica/module/datacapture/package-info.class
org/akaza/openclinica/module/export/entity/ExportJob.class
org/akaza/openclinica/module/randomization/package-info.class
org/akaza/openclinica/module/study/entity/StudyEntity.class
org/akaza/openclinica/module/randomization/enums/UnblindingStatus.class
org/akaza/openclinica/module/export/service/ExportService.class
org/akaza/openclinica/module/randomization/entity/UnblindingRequest.class
org/akaza/openclinica/module/subject/entity/SubjectEntity.class
org/akaza/openclinica/module/audit/service/AuditService.class
org/akaza/openclinica/module/package-info.class
org/akaza/openclinica/module/randomization/entity/RandomizationStratum.class
org/akaza/openclinica/module/randomization/enums/RandomizationAlgorithm.class
org/akaza/openclinica/module/export/repository/ExportJobRepository.class
org/akaza/openclinica/module/event/entity/StudyEventEntity.class
org/akaza/openclinica/module/randomization/algorithms/BlockRandomization.class
org/akaza/openclinica/module/event/entity/EventCrfEntity.class
org/akaza/openclinica/module/crf/dto/ItemDTO.class
org/akaza/openclinica/module/randomization/repository/RandomizationBlockRepository.class
org/akaza/openclinica/config/WebMvcConfig.class
org/akaza/openclinica/module/datacapture/dto/ResponseSetDTO$OptionDTO.class
org/akaza/openclinica/module/randomization/entity/RandomizationAuditLog.class
org/akaza/openclinica/module/study/service/StudyService.class
org/akaza/openclinica/module/legacy/dto/SubjectDTO.class
org/akaza/openclinica/module/event/dto/EventDefinitionDTO.class
org/akaza/openclinica/module/randomization/entity/RandomizationStratumOption.class
org/akaza/openclinica/module/datacapture/dto/ItemGroupDTO.class
org/akaza/openclinica/module/datacapture/entity/ResponseSetEntity.class
org/akaza/openclinica/module/study/dto/StudySummaryDTO.class
org/akaza/openclinica/module/randomization/repository/RandomizationSchemeRepository.class
org/akaza/openclinica/module/study/controller/StudyController.class
org/akaza/openclinica/module/event/repository/StudyEventRepository.class
org/akaza/openclinica/module/randomization/dto/AuditLogDTO.class
org/akaza/openclinica/module/randomization/dto/StratumOptionDTO.class
org/akaza/openclinica/module/randomization/dto/ArmDTO.class
org/akaza/openclinica/module/randomization/enums/StratumType.class
org/akaza/openclinica/module/randomization/algorithms/SimpleRandomization.class
org/akaza/openclinica/module/datacapture/dto/ResponseSetDTO.class
org/akaza/openclinica/module/randomization/enums/AssignmentStatus.class
org/akaza/openclinica/module/randomization/entity/RandomizationScheme.class
org/akaza/openclinica/module/notification/EmailNotificationService.class
org/akaza/openclinica/module/audit/enums/AuditEventType.class
org/akaza/openclinica/module/subject/dto/SubjectDTO.class
org/akaza/openclinica/module/crf/dto/SectionDTO.class
org/akaza/openclinica/module/study/dto/StudyDetailDTO.class
org/akaza/openclinica/module/crf/controller/CrfController.class
org/akaza/openclinica/module/randomization/enums/SchemeStatus.class
org/akaza/openclinica/module/legacy/controller/LegacyStudyController.class
org/akaza/openclinica/module/notification/NotificationEventHandler$1.class
org/akaza/openclinica/module/identity/dto/RoleDTO.class
org/akaza/openclinica/module/legacy/package-info.class
org/akaza/openclinica/module/audit/package-info.class
org/akaza/openclinica/module/export/package-info.class
org/akaza/openclinica/module/event/controller/EventController.class
org/akaza/openclinica/OpenClinicaApplication.class
org/akaza/openclinica/module/randomization/controller/RandomizationController.class
org/akaza/openclinica/module/export/enums/ExportFormat.class
org/akaza/openclinica/module/export/enums/ExportJobStatus.class
org/akaza/openclinica/module/identity/entity/RoleEntity.class
org/akaza/openclinica/module/identity/repository/UserAccountRepository.class
org/akaza/openclinica/module/randomization/repository/RandomizationAssignmentRepository.class
org/akaza/openclinica/module/export/dto/CreateExportJobRequest.class
org/akaza/openclinica/module/notification/NotificationEventHandler.class
org/akaza/openclinica/module/identity/service/IdentityService.class
org/akaza/openclinica/module/randomization/dto/StratumDTO.class
org/akaza/openclinica/module/audit/dto/AuditLogDTO.class
org/akaza/openclinica/module/audit/event/AuditRecordedEvent.class
org/akaza/openclinica/module/notification/NotificationService.class
org/akaza/openclinica/module/audit/event/AuditEventHandler.class
org/akaza/openclinica/module/datacapture/entity/ItemGroupEntity.class
org/akaza/openclinica/module/event/repository/EventCrfRepository.class
