/workspace/app/src/main/java/org/akaza/openclinica/OpenClinicaApplication.java
/workspace/app/src/main/java/org/akaza/openclinica/OpenClinicaServletInitializer.java
/workspace/app/src/main/java/org/akaza/openclinica/config/OpenApiConfig.java
/workspace/app/src/main/java/org/akaza/openclinica/config/WebMvcConfig.java
/workspace/app/src/main/java/org/akaza/openclinica/config/WebServiceConfig.java
/workspace/app/src/main/java/org/akaza/openclinica/module/audit/controller/AuditController.java
/workspace/app/src/main/java/org/akaza/openclinica/module/audit/dto/AuditLogDTO.java
/workspace/app/src/main/java/org/akaza/openclinica/module/audit/entity/AuditLog.java
/workspace/app/src/main/java/org/akaza/openclinica/module/audit/enums/AuditEventType.java
/workspace/app/src/main/java/org/akaza/openclinica/module/audit/event/AuditEventHandler.java
/workspace/app/src/main/java/org/akaza/openclinica/module/audit/event/AuditRecordedEvent.java
/workspace/app/src/main/java/org/akaza/openclinica/module/audit/package-info.java
/workspace/app/src/main/java/org/akaza/openclinica/module/audit/repository/AuditLogRepository.java
/workspace/app/src/main/java/org/akaza/openclinica/module/audit/service/AuditService.java
/workspace/app/src/main/java/org/akaza/openclinica/module/crf/controller/CrfController.java
/workspace/app/src/main/java/org/akaza/openclinica/module/crf/dto/CrfSummaryDTO.java
/workspace/app/src/main/java/org/akaza/openclinica/module/crf/dto/CrfVersionDTO.java
/workspace/app/src/main/java/org/akaza/openclinica/module/crf/dto/ItemDTO.java
/workspace/app/src/main/java/org/akaza/openclinica/module/crf/dto/SectionDTO.java
/workspace/app/src/main/java/org/akaza/openclinica/module/crf/internal/adapter/LegacyCrfAdapter.java
/workspace/app/src/main/java/org/akaza/openclinica/module/crf/package-info.java
/workspace/app/src/main/java/org/akaza/openclinica/module/crf/service/CrfService.java
/workspace/app/src/main/java/org/akaza/openclinica/module/datacapture/controller/DataCaptureController.java
/workspace/app/src/main/java/org/akaza/openclinica/module/datacapture/dto/ItemDataDTO.java
/workspace/app/src/main/java/org/akaza/openclinica/module/datacapture/dto/ItemGroupDTO.java
/workspace/app/src/main/java/org/akaza/openclinica/module/datacapture/dto/ResponseSetDTO.java
/workspace/app/src/main/java/org/akaza/openclinica/module/datacapture/entity/ItemDataEntity.java
/workspace/app/src/main/java/org/akaza/openclinica/module/datacapture/entity/ItemGroupEntity.java
/workspace/app/src/main/java/org/akaza/openclinica/module/datacapture/entity/ResponseSetEntity.java
/workspace/app/src/main/java/org/akaza/openclinica/module/datacapture/package-info.java
/workspace/app/src/main/java/org/akaza/openclinica/module/datacapture/repository/ItemDataRepository.java
/workspace/app/src/main/java/org/akaza/openclinica/module/datacapture/repository/ItemGroupRepository.java
/workspace/app/src/main/java/org/akaza/openclinica/module/datacapture/repository/ResponseSetRepository.java
/workspace/app/src/main/java/org/akaza/openclinica/module/datacapture/service/DataCaptureService.java
/workspace/app/src/main/java/org/akaza/openclinica/module/event/controller/EventController.java
/workspace/app/src/main/java/org/akaza/openclinica/module/event/dto/EventCrfDTO.java
/workspace/app/src/main/java/org/akaza/openclinica/module/event/dto/EventDefinitionDTO.java
/workspace/app/src/main/java/org/akaza/openclinica/module/event/dto/StudyEventDTO.java
/workspace/app/src/main/java/org/akaza/openclinica/module/event/entity/EventCrfEntity.java
/workspace/app/src/main/java/org/akaza/openclinica/module/event/entity/StudyEventDefinitionEntity.java
/workspace/app/src/main/java/org/akaza/openclinica/module/event/entity/StudyEventEntity.java
/workspace/app/src/main/java/org/akaza/openclinica/module/event/package-info.java
/workspace/app/src/main/java/org/akaza/openclinica/module/event/repository/EventCrfRepository.java
/workspace/app/src/main/java/org/akaza/openclinica/module/event/repository/StudyEventDefinitionRepository.java
/workspace/app/src/main/java/org/akaza/openclinica/module/event/repository/StudyEventRepository.java
/workspace/app/src/main/java/org/akaza/openclinica/module/event/service/EventService.java
/workspace/app/src/main/java/org/akaza/openclinica/module/export/controller/ExportController.java
/workspace/app/src/main/java/org/akaza/openclinica/module/export/dto/CreateExportJobRequest.java
/workspace/app/src/main/java/org/akaza/openclinica/module/export/dto/ExportJobDTO.java
/workspace/app/src/main/java/org/akaza/openclinica/module/export/entity/ExportJob.java
/workspace/app/src/main/java/org/akaza/openclinica/module/export/enums/ExportFormat.java
/workspace/app/src/main/java/org/akaza/openclinica/module/export/enums/ExportJobStatus.java
/workspace/app/src/main/java/org/akaza/openclinica/module/export/package-info.java
/workspace/app/src/main/java/org/akaza/openclinica/module/export/repository/ExportJobRepository.java
/workspace/app/src/main/java/org/akaza/openclinica/module/export/service/ExportService.java
/workspace/app/src/main/java/org/akaza/openclinica/module/identity/controller/IdentityController.java
/workspace/app/src/main/java/org/akaza/openclinica/module/identity/dto/RoleDTO.java
/workspace/app/src/main/java/org/akaza/openclinica/module/identity/dto/UserDTO.java
/workspace/app/src/main/java/org/akaza/openclinica/module/identity/entity/RoleEntity.java
/workspace/app/src/main/java/org/akaza/openclinica/module/identity/entity/UserAccountEntity.java
/workspace/app/src/main/java/org/akaza/openclinica/module/identity/package-info.java
/workspace/app/src/main/java/org/akaza/openclinica/module/identity/repository/RoleRepository.java
/workspace/app/src/main/java/org/akaza/openclinica/module/identity/repository/UserAccountRepository.java
/workspace/app/src/main/java/org/akaza/openclinica/module/identity/service/IdentityService.java
/workspace/app/src/main/java/org/akaza/openclinica/module/legacy/controller/LegacyStudyController.java
/workspace/app/src/main/java/org/akaza/openclinica/module/legacy/controller/LegacySubjectController.java
/workspace/app/src/main/java/org/akaza/openclinica/module/legacy/dto/StudySummaryDTO.java
/workspace/app/src/main/java/org/akaza/openclinica/module/legacy/dto/SubjectDTO.java
/workspace/app/src/main/java/org/akaza/openclinica/module/legacy/package-info.java
/workspace/app/src/main/java/org/akaza/openclinica/module/notification/EmailNotificationService.java
/workspace/app/src/main/java/org/akaza/openclinica/module/notification/NotificationEvent.java
/workspace/app/src/main/java/org/akaza/openclinica/module/notification/NotificationEventHandler.java
/workspace/app/src/main/java/org/akaza/openclinica/module/notification/NotificationService.java
/workspace/app/src/main/java/org/akaza/openclinica/module/notification/package-info.java
/workspace/app/src/main/java/org/akaza/openclinica/module/package-info.java
/workspace/app/src/main/java/org/akaza/openclinica/module/randomization/algorithms/BlockRandomization.java
/workspace/app/src/main/java/org/akaza/openclinica/module/randomization/algorithms/SimpleRandomization.java
/workspace/app/src/main/java/org/akaza/openclinica/module/randomization/algorithms/StratifiedBlockRandomization.java
/workspace/app/src/main/java/org/akaza/openclinica/module/randomization/controller/RandomizationController.java
/workspace/app/src/main/java/org/akaza/openclinica/module/randomization/dto/ArmDTO.java
/workspace/app/src/main/java/org/akaza/openclinica/module/randomization/dto/AssignmentDTO.java
/workspace/app/src/main/java/org/akaza/openclinica/module/randomization/dto/AuditLogDTO.java
/workspace/app/src/main/java/org/akaza/openclinica/module/randomization/dto/RandomizeRequest.java
/workspace/app/src/main/java/org/akaza/openclinica/module/randomization/dto/SchemeDTO.java
/workspace/app/src/main/java/org/akaza/openclinica/module/randomization/dto/SchemeSummaryDTO.java
/workspace/app/src/main/java/org/akaza/openclinica/module/randomization/dto/StratumDTO.java
/workspace/app/src/main/java/org/akaza/openclinica/module/randomization/dto/StratumOptionDTO.java
/workspace/app/src/main/java/org/akaza/openclinica/module/randomization/dto/UnblindingRequestDTO.java
/workspace/app/src/main/java/org/akaza/openclinica/module/randomization/entity/RandomizationArm.java
/workspace/app/src/main/java/org/akaza/openclinica/module/randomization/entity/RandomizationAssignment.java
/workspace/app/src/main/java/org/akaza/openclinica/module/randomization/entity/RandomizationAuditLog.java
/workspace/app/src/main/java/org/akaza/openclinica/module/randomization/entity/RandomizationBlock.java
/workspace/app/src/main/java/org/akaza/openclinica/module/randomization/entity/RandomizationScheme.java
/workspace/app/src/main/java/org/akaza/openclinica/module/randomization/entity/RandomizationStratum.java
/workspace/app/src/main/java/org/akaza/openclinica/module/randomization/entity/RandomizationStratumOption.java
/workspace/app/src/main/java/org/akaza/openclinica/module/randomization/entity/UnblindingRequest.java
/workspace/app/src/main/java/org/akaza/openclinica/module/randomization/enums/AssignmentStatus.java
/workspace/app/src/main/java/org/akaza/openclinica/module/randomization/enums/AuditAction.java
/workspace/app/src/main/java/org/akaza/openclinica/module/randomization/enums/RandomizationAlgorithm.java
/workspace/app/src/main/java/org/akaza/openclinica/module/randomization/enums/SchemeStatus.java
/workspace/app/src/main/java/org/akaza/openclinica/module/randomization/enums/StratumType.java
/workspace/app/src/main/java/org/akaza/openclinica/module/randomization/enums/UnblindingStatus.java
/workspace/app/src/main/java/org/akaza/openclinica/module/randomization/package-info.java
/workspace/app/src/main/java/org/akaza/openclinica/module/randomization/repository/RandomizationArmRepository.java
/workspace/app/src/main/java/org/akaza/openclinica/module/randomization/repository/RandomizationAssignmentRepository.java
/workspace/app/src/main/java/org/akaza/openclinica/module/randomization/repository/RandomizationAuditLogRepository.java
/workspace/app/src/main/java/org/akaza/openclinica/module/randomization/repository/RandomizationBlockRepository.java
/workspace/app/src/main/java/org/akaza/openclinica/module/randomization/repository/RandomizationSchemeRepository.java
/workspace/app/src/main/java/org/akaza/openclinica/module/randomization/repository/UnblindingRequestRepository.java
/workspace/app/src/main/java/org/akaza/openclinica/module/randomization/service/RandomizationAlgorithmStrategy.java
/workspace/app/src/main/java/org/akaza/openclinica/module/randomization/service/RandomizationService.java
/workspace/app/src/main/java/org/akaza/openclinica/module/randomization/service/UnblindingService.java
/workspace/app/src/main/java/org/akaza/openclinica/module/study/controller/StudyController.java
/workspace/app/src/main/java/org/akaza/openclinica/module/study/dto/StudyDetailDTO.java
/workspace/app/src/main/java/org/akaza/openclinica/module/study/dto/StudySummaryDTO.java
/workspace/app/src/main/java/org/akaza/openclinica/module/study/entity/StudyEntity.java
/workspace/app/src/main/java/org/akaza/openclinica/module/study/enums/StudyStatus.java
/workspace/app/src/main/java/org/akaza/openclinica/module/study/package-info.java
/workspace/app/src/main/java/org/akaza/openclinica/module/study/repository/StudyRepository.java
/workspace/app/src/main/java/org/akaza/openclinica/module/study/service/StudyService.java
/workspace/app/src/main/java/org/akaza/openclinica/module/subject/controller/SubjectController.java
/workspace/app/src/main/java/org/akaza/openclinica/module/subject/dto/StudySubjectDTO.java
/workspace/app/src/main/java/org/akaza/openclinica/module/subject/dto/SubjectDTO.java
/workspace/app/src/main/java/org/akaza/openclinica/module/subject/entity/StudySubjectEntity.java
/workspace/app/src/main/java/org/akaza/openclinica/module/subject/entity/SubjectEntity.java
/workspace/app/src/main/java/org/akaza/openclinica/module/subject/package-info.java
/workspace/app/src/main/java/org/akaza/openclinica/module/subject/repository/StudySubjectRepository.java
/workspace/app/src/main/java/org/akaza/openclinica/module/subject/repository/SubjectRepository.java
/workspace/app/src/main/java/org/akaza/openclinica/module/subject/service/SubjectService.java
