org/openclinica/ws/beans/CrfObjType.class
org/akaza/openclinica/web/job/ExampleStatefulJob.class
org/openclinica/ws/data/v1/AuditMessagesType.class
org/openclinica/ws/beans/StudyType.class
org/openclinica/ws/studysubject/v1/ObjectFactory.class
org/openclinica/ws/studysubject/v1/IsStudySubjectResponse.class
org/akaza/openclinica/control/form/EanCheckDigit.class
org/akaza/openclinica/control/form/SpringServletAccess.class
org/akaza/openclinica/ws/bean/StudyEventTransferBean.class
org/akaza/openclinica/ws/DataEndpoint.class
org/openclinica/ws/subject/v1/CreatResponse.class
org/openclinica/ws/studysubject/v1/IsStudySubjectRequest.class
org/openclinica/ws/beans/StudyRefType.class
org/openclinica/ws/data/v1/ImportResponse.class
org/akaza/openclinica/ws/client/SoapCreateSubject.class
org/akaza/openclinica/ws/SpringPlainTextPasswordValidationCallbackHandler.class
org/akaza/openclinica/web/job/ImportSpringJob.class
org/openclinica/ws/crf/v1/ObjectFactory.class
org/akaza/openclinica/control/form/ValidatorRegularExpression.class
org/akaza/openclinica/ws/validator/StudyEventTransferValidator.class
org/openclinica/ws/study/v1/ListAllResponse.class
org/akaza/openclinica/ws/bean/StudyEventDefinitionRequestBean.class
org/openclinica/ws/beans/EventsType.class
org/akaza/openclinica/ws/bean/StudyMetadataRequestBean.class
org/openclinica/ws/studyeventdefinition/v1/ObjectFactory.class
org/akaza/openclinica/web/crfdata/ImportCRFDataService.class
org/akaza/openclinica/controller/helper/SetUpStudyRole.class
org/akaza/openclinica/control/form/RuleValidator.class
org/akaza/openclinica/ws/UserPermissionInterceptor.class
org/openclinica/ws/beans/StudySubjectWithEventsType.class
org/akaza/openclinica/ws/CrfEndpoint.class
org/akaza/openclinica/ws/validator/BaseVSValidatorImplementation.class
org/openclinica/ws/beans/SitesType.class
org/akaza/openclinica/controller/SidebarEnumConstants.class
org/akaza/openclinica/ws/validator/SubjectTransferValidator.class
org/openclinica/ws/event/v1/package-info.class
org/akaza/openclinica/ws/validator/CRFDataImportValidator.class
org/openclinica/ws/studyeventdefinition/v1/package-info.class
org/openclinica/ws/beans/EventDefinitionCrfType.class
org/openclinica/ws/beans/EventDefinitionCrfsType.class
org/openclinica/ws/subject/v1/package-info.class
org/openclinica/ws/study/v1/ObjectFactory.class
org/openclinica/ws/beans/StudyEventDefinitionListAllType.class
org/openclinica/ws/beans/StudyEventDefinitionsType.class
org/akaza/openclinica/ws/DataEndpoint$1.class
org/akaza/openclinica/ws/logic/DatabaseCctsService.class
org/akaza/openclinica/ws/logic/CctsService.class
org/akaza/openclinica/ws/ccts/CctsSubjectEndpoint.class
org/akaza/openclinica/web/filter/OpenClinicaJdbcService$OcUsersByUsernameMapping.class
org/openclinica/ws/study/v1/GetMetadataResponse.class
org/akaza/openclinica/view/StudyInfoPanelLine.class
org/openclinica/ws/crf/v1/CreateCrfResponse.class
org/akaza/openclinica/web/crfdata/ImportHelper.class
org/akaza/openclinica/ws/DateAdapter.class
org/openclinica/ws/subject/v1/ObjectFactory.class
org/akaza/openclinica/control/form/DiscrepancyValidator.class
org/openclinica/ws/beans/CrfsType.class
org/openclinica/ws/data/v1/ObjectFactory.class
org/openclinica/ws/study/v1/GetMetadataRequest.class
org/akaza/openclinica/ws/EventEndpoint$1.class
org/akaza/openclinica/controller/helper/SetUpUserInterceptor.class
org/openclinica/ws/beans/EventType.class
org/openclinica/ws/event/v1/ScheduleResponse.class
org/akaza/openclinica/ws/StudyEventDefinitionEndpoint.class
org/openclinica/ws/studyeventdefinition/v1/ListAllRequest.class
org/openclinica/ws/beans/package-info.class
org/akaza/openclinica/control/form/FormDiscrepancyNotes.class
org/openclinica/ws/beans/StudiesType.class
org/akaza/openclinica/web/job/CrfBusinessLogicHelper.class
org/akaza/openclinica/web/crfdata/DataImportService.class
org/akaza/openclinica/web/filter/OpenClinicaSecurityContextLogoutHandler.class
org/openclinica/ws/study/v1/package-info.class
org/openclinica/ws/beans/SiteRefType.class
org/akaza/openclinica/controller/SidebarInit.class
org/akaza/openclinica/web/crfdata/ImportCRFInfo.class
org/akaza/openclinica/ws/bean/CRFDataImportBean.class
org/akaza/openclinica/web/filter/OpenClinicaUsernamePasswordAuthenticationFilter.class
org/openclinica/ws/crf/v1/package-info.class
org/openclinica/ws/studyeventdefinition/v1/ListAllResponse.class
org/akaza/openclinica/ws/validator/StudyEventDefinitionRequestValidator.class
org/akaza/openclinica/ws/StudySubjectEndpoint.class
org/akaza/openclinica/web/filter/OpenClinicaJdbcService.class
org/akaza/openclinica/web/filter/OpenClinicaSessionRegistryImpl.class
org/akaza/openclinica/web/job/ImportStatefulJob.class
org/akaza/openclinica/ws/bean/BaseStudyDefinitionBean.class
org/openclinica/ws/subject/v1/CreatRequest.class
org/akaza/openclinica/ws/validator/StudyMetadataRequestValidator.class
org/akaza/openclinica/control/form/Validator.class
org/akaza/openclinica/web/job/ExampleSpringJob.class
org/openclinica/ws/beans/ObjectFactory.class
org/openclinica/ws/studysubject/v1/CreateResponse.class
org/openclinica/ws/beans/StudySubjectType.class
org/openclinica/ws/event/v1/ScheduleRequest.class
org/openclinica/ws/beans/ListStudySubjectsInStudyType.class
org/openclinica/ws/beans/StudyMetadataType.class
org/akaza/openclinica/web/crfdata/ImportCRFInfoContainer.class
org/akaza/openclinica/ws/StudyEndpoint.class
org/openclinica/ws/crf/v1/CrfType.class
org/akaza/openclinica/web/job/TriggerService.class
org/akaza/openclinica/control/form/ScoreItemValidator.class
org/openclinica/ws/studysubject/v1/package-info.class
org/akaza/openclinica/ws/EventEndpoint.class
org/openclinica/ws/studysubject/v1/ListAllByStudyResponse.class
org/openclinica/ws/event/v1/ObjectFactory.class
org/openclinica/ws/beans/GenderType.class
org/openclinica/ws/beans/StudyEventDefinitionType.class
org/openclinica/ws/beans/SubjectType.class
org/openclinica/ws/beans/StudySubjectsType.class
org/openclinica/ws/studysubject/v1/CreateRequest.class
org/openclinica/ws/beans/CrfVersionType.class
org/akaza/openclinica/ws/bean/SubjectStudyDefinitionBean.class
org/akaza/openclinica/view/StudyInfoPanel.class
org/openclinica/ws/data/v1/package-info.class
org/openclinica/ws/beans/StudySubjectRefType.class
org/akaza/openclinica/control/form/Validation.class
org/openclinica/ws/beans/SiteType.class
org/akaza/openclinica/ws/validator/BaseWSValidatorInterface.class
org/akaza/openclinica/view/Page.class
