/workspace/ws/src/main/java/org/akaza/openclinica/control/form/DiscrepancyValidator.java
/workspace/ws/src/main/java/org/akaza/openclinica/control/form/EanCheckDigit.java
/workspace/ws/src/main/java/org/akaza/openclinica/control/form/FormDiscrepancyNotes.java
/workspace/ws/src/main/java/org/akaza/openclinica/control/form/RuleValidator.java
/workspace/ws/src/main/java/org/akaza/openclinica/control/form/ScoreItemValidator.java
/workspace/ws/src/main/java/org/akaza/openclinica/control/form/SpringServletAccess.java
/workspace/ws/src/main/java/org/akaza/openclinica/control/form/Validation.java
/workspace/ws/src/main/java/org/akaza/openclinica/control/form/Validator.java
/workspace/ws/src/main/java/org/akaza/openclinica/control/form/ValidatorRegularExpression.java
/workspace/ws/src/main/java/org/akaza/openclinica/controller/SidebarEnumConstants.java
/workspace/ws/src/main/java/org/akaza/openclinica/controller/SidebarInit.java
/workspace/ws/src/main/java/org/akaza/openclinica/controller/helper/SetUpStudyRole.java
/workspace/ws/src/main/java/org/akaza/openclinica/controller/helper/SetUpUserInterceptor.java
/workspace/ws/src/main/java/org/akaza/openclinica/view/Page.java
/workspace/ws/src/main/java/org/akaza/openclinica/view/StudyInfoPanel.java
/workspace/ws/src/main/java/org/akaza/openclinica/view/StudyInfoPanelLine.java
/workspace/ws/src/main/java/org/akaza/openclinica/web/crfdata/DataImportService.java
/workspace/ws/src/main/java/org/akaza/openclinica/web/crfdata/ImportCRFDataService.java
/workspace/ws/src/main/java/org/akaza/openclinica/web/crfdata/ImportCRFInfo.java
/workspace/ws/src/main/java/org/akaza/openclinica/web/crfdata/ImportCRFInfoContainer.java
/workspace/ws/src/main/java/org/akaza/openclinica/web/crfdata/ImportHelper.java
/workspace/ws/src/main/java/org/akaza/openclinica/web/filter/OpenClinicaJdbcService.java
/workspace/ws/src/main/java/org/akaza/openclinica/web/filter/OpenClinicaSecurityContextLogoutHandler.java
/workspace/ws/src/main/java/org/akaza/openclinica/web/filter/OpenClinicaSessionRegistryImpl.java
/workspace/ws/src/main/java/org/akaza/openclinica/web/filter/OpenClinicaUsernamePasswordAuthenticationFilter.java
/workspace/ws/src/main/java/org/akaza/openclinica/web/job/CrfBusinessLogicHelper.java
/workspace/ws/src/main/java/org/akaza/openclinica/web/job/ExampleSpringJob.java
/workspace/ws/src/main/java/org/akaza/openclinica/web/job/ExampleStatefulJob.java
/workspace/ws/src/main/java/org/akaza/openclinica/web/job/ImportSpringJob.java
/workspace/ws/src/main/java/org/akaza/openclinica/web/job/ImportStatefulJob.java
/workspace/ws/src/main/java/org/akaza/openclinica/web/job/TriggerService.java
/workspace/ws/src/main/java/org/akaza/openclinica/ws/CrfEndpoint.java
/workspace/ws/src/main/java/org/akaza/openclinica/ws/DataEndpoint.java
/workspace/ws/src/main/java/org/akaza/openclinica/ws/DateAdapter.java
/workspace/ws/src/main/java/org/akaza/openclinica/ws/EventEndpoint.java
/workspace/ws/src/main/java/org/akaza/openclinica/ws/SpringPlainTextPasswordValidationCallbackHandler.java
/workspace/ws/src/main/java/org/akaza/openclinica/ws/StudyEndpoint.java
/workspace/ws/src/main/java/org/akaza/openclinica/ws/StudyEventDefinitionEndpoint.java
/workspace/ws/src/main/java/org/akaza/openclinica/ws/StudySubjectEndpoint.java
/workspace/ws/src/main/java/org/akaza/openclinica/ws/UserPermissionInterceptor.java
/workspace/ws/src/main/java/org/akaza/openclinica/ws/bean/BaseStudyDefinitionBean.java
/workspace/ws/src/main/java/org/akaza/openclinica/ws/bean/CRFDataImportBean.java
/workspace/ws/src/main/java/org/akaza/openclinica/ws/bean/StudyEventDefinitionRequestBean.java
/workspace/ws/src/main/java/org/akaza/openclinica/ws/bean/StudyEventTransferBean.java
/workspace/ws/src/main/java/org/akaza/openclinica/ws/bean/StudyMetadataRequestBean.java
/workspace/ws/src/main/java/org/akaza/openclinica/ws/bean/SubjectStudyDefinitionBean.java
/workspace/ws/src/main/java/org/akaza/openclinica/ws/ccts/CctsSubjectEndpoint.java
/workspace/ws/src/main/java/org/akaza/openclinica/ws/client/SoapCreateSubject.java
/workspace/ws/src/main/java/org/akaza/openclinica/ws/logic/CctsService.java
/workspace/ws/src/main/java/org/akaza/openclinica/ws/logic/DatabaseCctsService.java
/workspace/ws/src/main/java/org/akaza/openclinica/ws/validator/BaseVSValidatorImplementation.java
/workspace/ws/src/main/java/org/akaza/openclinica/ws/validator/BaseWSValidatorInterface.java
/workspace/ws/src/main/java/org/akaza/openclinica/ws/validator/CRFDataImportValidator.java
/workspace/ws/src/main/java/org/akaza/openclinica/ws/validator/StudyEventDefinitionRequestValidator.java
/workspace/ws/src/main/java/org/akaza/openclinica/ws/validator/StudyEventTransferValidator.java
/workspace/ws/src/main/java/org/akaza/openclinica/ws/validator/StudyMetadataRequestValidator.java
/workspace/ws/src/main/java/org/akaza/openclinica/ws/validator/SubjectTransferValidator.java
/workspace/ws/target/generated-sources/jaxb/org/openclinica/ws/beans/CrfObjType.java
/workspace/ws/target/generated-sources/jaxb/org/openclinica/ws/beans/CrfVersionType.java
/workspace/ws/target/generated-sources/jaxb/org/openclinica/ws/beans/CrfsType.java
/workspace/ws/target/generated-sources/jaxb/org/openclinica/ws/beans/EventDefinitionCrfType.java
/workspace/ws/target/generated-sources/jaxb/org/openclinica/ws/beans/EventDefinitionCrfsType.java
/workspace/ws/target/generated-sources/jaxb/org/openclinica/ws/beans/EventType.java
/workspace/ws/target/generated-sources/jaxb/org/openclinica/ws/beans/EventsType.java
/workspace/ws/target/generated-sources/jaxb/org/openclinica/ws/beans/GenderType.java
/workspace/ws/target/generated-sources/jaxb/org/openclinica/ws/beans/ListStudySubjectsInStudyType.java
/workspace/ws/target/generated-sources/jaxb/org/openclinica/ws/beans/ObjectFactory.java
/workspace/ws/target/generated-sources/jaxb/org/openclinica/ws/beans/SiteRefType.java
/workspace/ws/target/generated-sources/jaxb/org/openclinica/ws/beans/SiteType.java
/workspace/ws/target/generated-sources/jaxb/org/openclinica/ws/beans/SitesType.java
/workspace/ws/target/generated-sources/jaxb/org/openclinica/ws/beans/StudiesType.java
/workspace/ws/target/generated-sources/jaxb/org/openclinica/ws/beans/StudyEventDefinitionListAllType.java
/workspace/ws/target/generated-sources/jaxb/org/openclinica/ws/beans/StudyEventDefinitionType.java
/workspace/ws/target/generated-sources/jaxb/org/openclinica/ws/beans/StudyEventDefinitionsType.java
/workspace/ws/target/generated-sources/jaxb/org/openclinica/ws/beans/StudyMetadataType.java
/workspace/ws/target/generated-sources/jaxb/org/openclinica/ws/beans/StudyRefType.java
/workspace/ws/target/generated-sources/jaxb/org/openclinica/ws/beans/StudySubjectRefType.java
/workspace/ws/target/generated-sources/jaxb/org/openclinica/ws/beans/StudySubjectType.java
/workspace/ws/target/generated-sources/jaxb/org/openclinica/ws/beans/StudySubjectWithEventsType.java
/workspace/ws/target/generated-sources/jaxb/org/openclinica/ws/beans/StudySubjectsType.java
/workspace/ws/target/generated-sources/jaxb/org/openclinica/ws/beans/StudyType.java
/workspace/ws/target/generated-sources/jaxb/org/openclinica/ws/beans/SubjectType.java
/workspace/ws/target/generated-sources/jaxb/org/openclinica/ws/beans/package-info.java
/workspace/ws/target/generated-sources/jaxb/org/openclinica/ws/crf/v1/CreateCrfResponse.java
/workspace/ws/target/generated-sources/jaxb/org/openclinica/ws/crf/v1/CrfType.java
/workspace/ws/target/generated-sources/jaxb/org/openclinica/ws/crf/v1/ObjectFactory.java
/workspace/ws/target/generated-sources/jaxb/org/openclinica/ws/crf/v1/package-info.java
/workspace/ws/target/generated-sources/jaxb/org/openclinica/ws/data/v1/AuditMessagesType.java
/workspace/ws/target/generated-sources/jaxb/org/openclinica/ws/data/v1/ImportResponse.java
/workspace/ws/target/generated-sources/jaxb/org/openclinica/ws/data/v1/ObjectFactory.java
/workspace/ws/target/generated-sources/jaxb/org/openclinica/ws/data/v1/package-info.java
/workspace/ws/target/generated-sources/jaxb/org/openclinica/ws/event/v1/ObjectFactory.java
/workspace/ws/target/generated-sources/jaxb/org/openclinica/ws/event/v1/ScheduleRequest.java
/workspace/ws/target/generated-sources/jaxb/org/openclinica/ws/event/v1/ScheduleResponse.java
/workspace/ws/target/generated-sources/jaxb/org/openclinica/ws/event/v1/package-info.java
/workspace/ws/target/generated-sources/jaxb/org/openclinica/ws/study/v1/GetMetadataRequest.java
/workspace/ws/target/generated-sources/jaxb/org/openclinica/ws/study/v1/GetMetadataResponse.java
/workspace/ws/target/generated-sources/jaxb/org/openclinica/ws/study/v1/ListAllResponse.java
/workspace/ws/target/generated-sources/jaxb/org/openclinica/ws/study/v1/ObjectFactory.java
/workspace/ws/target/generated-sources/jaxb/org/openclinica/ws/study/v1/package-info.java
/workspace/ws/target/generated-sources/jaxb/org/openclinica/ws/studyeventdefinition/v1/ListAllRequest.java
/workspace/ws/target/generated-sources/jaxb/org/openclinica/ws/studyeventdefinition/v1/ListAllResponse.java
/workspace/ws/target/generated-sources/jaxb/org/openclinica/ws/studyeventdefinition/v1/ObjectFactory.java
/workspace/ws/target/generated-sources/jaxb/org/openclinica/ws/studyeventdefinition/v1/package-info.java
/workspace/ws/target/generated-sources/jaxb/org/openclinica/ws/studysubject/v1/CreateRequest.java
/workspace/ws/target/generated-sources/jaxb/org/openclinica/ws/studysubject/v1/CreateResponse.java
/workspace/ws/target/generated-sources/jaxb/org/openclinica/ws/studysubject/v1/IsStudySubjectRequest.java
/workspace/ws/target/generated-sources/jaxb/org/openclinica/ws/studysubject/v1/IsStudySubjectResponse.java
/workspace/ws/target/generated-sources/jaxb/org/openclinica/ws/studysubject/v1/ListAllByStudyResponse.java
/workspace/ws/target/generated-sources/jaxb/org/openclinica/ws/studysubject/v1/ObjectFactory.java
/workspace/ws/target/generated-sources/jaxb/org/openclinica/ws/studysubject/v1/package-info.java
/workspace/ws/target/generated-sources/jaxb/org/openclinica/ws/subject/v1/CreatRequest.java
/workspace/ws/target/generated-sources/jaxb/org/openclinica/ws/subject/v1/CreatResponse.java
/workspace/ws/target/generated-sources/jaxb/org/openclinica/ws/subject/v1/ObjectFactory.java
/workspace/ws/target/generated-sources/jaxb/org/openclinica/ws/subject/v1/package-info.java
