/workspace/web/src/main/java/org/akaza/openclinica/control/AbstractTableFactory.java
/workspace/web/src/main/java/org/akaza/openclinica/control/DefaultActionsEditor.java
/workspace/web/src/main/java/org/akaza/openclinica/control/DefaultToolbar.java
/workspace/web/src/main/java/org/akaza/openclinica/control/DefaultView.java
/workspace/web/src/main/java/org/akaza/openclinica/control/DropdownFilter.java
/workspace/web/src/main/java/org/akaza/openclinica/control/EventStatusView.java
/workspace/web/src/main/java/org/akaza/openclinica/control/HideCRFManager.java
/workspace/web/src/main/java/org/akaza/openclinica/control/ListStudyView.java
/workspace/web/src/main/java/org/akaza/openclinica/control/MainMenuServlet.java
/workspace/web/src/main/java/org/akaza/openclinica/control/OCCsvViewExporter.java
/workspace/web/src/main/java/org/akaza/openclinica/control/OCServletContextListener.java
/workspace/web/src/main/java/org/akaza/openclinica/control/OCTableFacadeImpl.java
/workspace/web/src/main/java/org/akaza/openclinica/control/RssReaderServlet.java
/workspace/web/src/main/java/org/akaza/openclinica/control/SpringServletAccess.java
/workspace/web/src/main/java/org/akaza/openclinica/control/StatisticsView.java
/workspace/web/src/main/java/org/akaza/openclinica/control/StudyStatisticsView.java
/workspace/web/src/main/java/org/akaza/openclinica/control/StudySubjectStatusView.java
/workspace/web/src/main/java/org/akaza/openclinica/control/XmlView.java
/workspace/web/src/main/java/org/akaza/openclinica/control/XmlViewExporter.java
/workspace/web/src/main/java/org/akaza/openclinica/control/admin/AdminSystemServlet.java
/workspace/web/src/main/java/org/akaza/openclinica/control/admin/AuditDatabaseServlet.java
/workspace/web/src/main/java/org/akaza/openclinica/control/admin/AuditLogStudyServlet.java
/workspace/web/src/main/java/org/akaza/openclinica/control/admin/AuditLogUserServlet.java
/workspace/web/src/main/java/org/akaza/openclinica/control/admin/AuditUserActivityServlet.java
/workspace/web/src/main/java/org/akaza/openclinica/control/admin/AuditUserLoginTableFactory.java
/workspace/web/src/main/java/org/akaza/openclinica/control/admin/BatchCRFMigrationServlet.java
/workspace/web/src/main/java/org/akaza/openclinica/control/admin/ConfigurePasswordRequirementsServlet.java
/workspace/web/src/main/java/org/akaza/openclinica/control/admin/ConfigureServlet.java
/workspace/web/src/main/java/org/akaza/openclinica/control/admin/CreateCRFServlet.java
/workspace/web/src/main/java/org/akaza/openclinica/control/admin/CreateCRFVersionServlet.java
/workspace/web/src/main/java/org/akaza/openclinica/control/admin/CreateJobExportServlet.java
/workspace/web/src/main/java/org/akaza/openclinica/control/admin/CreateJobImportServlet.java
/workspace/web/src/main/java/org/akaza/openclinica/control/admin/CreateUserAccountServlet.java
/workspace/web/src/main/java/org/akaza/openclinica/control/admin/CreateXformCRFVersionServlet.java
/workspace/web/src/main/java/org/akaza/openclinica/control/admin/DeleteCRFVersionServlet.java
/workspace/web/src/main/java/org/akaza/openclinica/control/admin/DeleteEventCRFServlet.java
/workspace/web/src/main/java/org/akaza/openclinica/control/admin/DeleteStudyUserRoleServlet.java
/workspace/web/src/main/java/org/akaza/openclinica/control/admin/DeleteUserServlet.java
/workspace/web/src/main/java/org/akaza/openclinica/control/admin/DownloadStudyMetadataServlet.java
/workspace/web/src/main/java/org/akaza/openclinica/control/admin/DownloadVersionSpreadSheetServlet.java
/workspace/web/src/main/java/org/akaza/openclinica/control/admin/EditStudyUserRoleServlet.java
/workspace/web/src/main/java/org/akaza/openclinica/control/admin/EditUserAccountServlet.java
/workspace/web/src/main/java/org/akaza/openclinica/control/admin/EventStatusStatisticsTableFactory.java
/workspace/web/src/main/java/org/akaza/openclinica/control/admin/InitCreateCRFVersionServlet.java
/workspace/web/src/main/java/org/akaza/openclinica/control/admin/InitUpdateCRFServlet.java
/workspace/web/src/main/java/org/akaza/openclinica/control/admin/ListCRFServlet.java
/workspace/web/src/main/java/org/akaza/openclinica/control/admin/ListSubjectServlet.java
/workspace/web/src/main/java/org/akaza/openclinica/control/admin/ListSubjectTableFactory.java
/workspace/web/src/main/java/org/akaza/openclinica/control/admin/ListUserAccountsServlet.java
/workspace/web/src/main/java/org/akaza/openclinica/control/admin/PauseJobServlet.java
/workspace/web/src/main/java/org/akaza/openclinica/control/admin/Preview.java
/workspace/web/src/main/java/org/akaza/openclinica/control/admin/RemoveCRFServlet.java
/workspace/web/src/main/java/org/akaza/openclinica/control/admin/RemoveCRFVersionServlet.java
/workspace/web/src/main/java/org/akaza/openclinica/control/admin/RemoveStudyServlet.java
/workspace/web/src/main/java/org/akaza/openclinica/control/admin/RemoveSubjectServlet.java
/workspace/web/src/main/java/org/akaza/openclinica/control/admin/RestoreCRFServlet.java
/workspace/web/src/main/java/org/akaza/openclinica/control/admin/RestoreCRFVersionServlet.java
/workspace/web/src/main/java/org/akaza/openclinica/control/admin/RestoreStudyServlet.java
/workspace/web/src/main/java/org/akaza/openclinica/control/admin/RestoreSubjectServlet.java
/workspace/web/src/main/java/org/akaza/openclinica/control/admin/SetUserRoleServlet.java
/workspace/web/src/main/java/org/akaza/openclinica/control/admin/SiteStatisticsTableFactory.java
/workspace/web/src/main/java/org/akaza/openclinica/control/admin/SpreadSheetItemUtil.java
/workspace/web/src/main/java/org/akaza/openclinica/control/admin/SpreadSheetTable.java
/workspace/web/src/main/java/org/akaza/openclinica/control/admin/SpreadSheetTableClassic.java
/workspace/web/src/main/java/org/akaza/openclinica/control/admin/SpreadSheetTableRepeating.java
/workspace/web/src/main/java/org/akaza/openclinica/control/admin/SpreadsheetPreview.java
/workspace/web/src/main/java/org/akaza/openclinica/control/admin/SpreadsheetPreviewNw.java
/workspace/web/src/main/java/org/akaza/openclinica/control/admin/StudyRowContainer.java
/workspace/web/src/main/java/org/akaza/openclinica/control/admin/StudyStatisticsTableFactory.java
/workspace/web/src/main/java/org/akaza/openclinica/control/admin/StudySubjectStatusStatisticsTableFactory.java
/workspace/web/src/main/java/org/akaza/openclinica/control/admin/SystemStatusServlet.java
/workspace/web/src/main/java/org/akaza/openclinica/control/admin/TableColumnHolder.java
/workspace/web/src/main/java/org/akaza/openclinica/control/admin/UnLockUserServlet.java
/workspace/web/src/main/java/org/akaza/openclinica/control/admin/UpdateCRFServlet.java
/workspace/web/src/main/java/org/akaza/openclinica/control/admin/UpdateJobExportServlet.java
/workspace/web/src/main/java/org/akaza/openclinica/control/admin/UpdateJobImportServlet.java
/workspace/web/src/main/java/org/akaza/openclinica/control/admin/UpdateSubjectServlet.java
/workspace/web/src/main/java/org/akaza/openclinica/control/admin/ViewAllJobsServlet.java
/workspace/web/src/main/java/org/akaza/openclinica/control/admin/ViewCRFServlet.java
/workspace/web/src/main/java/org/akaza/openclinica/control/admin/ViewImportJobServlet.java
/workspace/web/src/main/java/org/akaza/openclinica/control/admin/ViewJobServlet.java
/workspace/web/src/main/java/org/akaza/openclinica/control/admin/ViewLogMessageServlet.java
/workspace/web/src/main/java/org/akaza/openclinica/control/admin/ViewSingleJobServlet.java
/workspace/web/src/main/java/org/akaza/openclinica/control/admin/ViewStudyServlet.java
/workspace/web/src/main/java/org/akaza/openclinica/control/admin/ViewSubjectServlet.java
/workspace/web/src/main/java/org/akaza/openclinica/control/admin/ViewUserAccountServlet.java
/workspace/web/src/main/java/org/akaza/openclinica/control/core/CoreSecureController.java
/workspace/web/src/main/java/org/akaza/openclinica/control/core/OCServletFilter.java
/workspace/web/src/main/java/org/akaza/openclinica/control/core/SecureController.java
/workspace/web/src/main/java/org/akaza/openclinica/control/extract/AccessFileServlet.java
/workspace/web/src/main/java/org/akaza/openclinica/control/extract/ApplyFilterServlet.java
/workspace/web/src/main/java/org/akaza/openclinica/control/extract/ChooseDownloadFormat.java
/workspace/web/src/main/java/org/akaza/openclinica/control/extract/CreateDatasetServlet.java
/workspace/web/src/main/java/org/akaza/openclinica/control/extract/CreateFiltersOneServlet.java
/workspace/web/src/main/java/org/akaza/openclinica/control/extract/CreateFiltersThreeServlet.java
/workspace/web/src/main/java/org/akaza/openclinica/control/extract/CreateFiltersTwoServlet.java
/workspace/web/src/main/java/org/akaza/openclinica/control/extract/DatasetTable.java
/workspace/web/src/main/java/org/akaza/openclinica/control/extract/DiscrepancyNoteOutputServlet.java
/workspace/web/src/main/java/org/akaza/openclinica/control/extract/EditDatasetServlet.java
/workspace/web/src/main/java/org/akaza/openclinica/control/extract/EditFilterServlet.java
/workspace/web/src/main/java/org/akaza/openclinica/control/extract/EditSelectedServlet.java
/workspace/web/src/main/java/org/akaza/openclinica/control/extract/ExportDatasetServlet.java
/workspace/web/src/main/java/org/akaza/openclinica/control/extract/ExtractDatasetsMainServlet.java
/workspace/web/src/main/java/org/akaza/openclinica/control/extract/RemoveDatasetServlet.java
/workspace/web/src/main/java/org/akaza/openclinica/control/extract/RemoveFilterServlet.java
/workspace/web/src/main/java/org/akaza/openclinica/control/extract/RestoreDatasetServlet.java
/workspace/web/src/main/java/org/akaza/openclinica/control/extract/SelectItemsServlet.java
/workspace/web/src/main/java/org/akaza/openclinica/control/extract/ShowFileServlet.java
/workspace/web/src/main/java/org/akaza/openclinica/control/extract/ViewDatasetsServlet.java
/workspace/web/src/main/java/org/akaza/openclinica/control/extract/ViewItemDetailServlet.java
/workspace/web/src/main/java/org/akaza/openclinica/control/extract/ViewSelectedServlet.java
/workspace/web/src/main/java/org/akaza/openclinica/control/form/DiscrepancyValidator.java
/workspace/web/src/main/java/org/akaza/openclinica/control/form/EanCheckDigit.java
/workspace/web/src/main/java/org/akaza/openclinica/control/form/FormDiscrepancyNotes.java
/workspace/web/src/main/java/org/akaza/openclinica/control/form/FormProcessor.java
/workspace/web/src/main/java/org/akaza/openclinica/control/form/RuleValidator.java
/workspace/web/src/main/java/org/akaza/openclinica/control/form/ScoreItemValidator.java
/workspace/web/src/main/java/org/akaza/openclinica/control/form/Validation.java
/workspace/web/src/main/java/org/akaza/openclinica/control/form/Validator.java
/workspace/web/src/main/java/org/akaza/openclinica/control/form/ValidatorRegularExpression.java
/workspace/web/src/main/java/org/akaza/openclinica/control/form/spreadsheet/OnChangeSheetValidationCell.java
/workspace/web/src/main/java/org/akaza/openclinica/control/form/spreadsheet/OnChangeSheetValidationType.java
/workspace/web/src/main/java/org/akaza/openclinica/control/form/spreadsheet/OnChangeSheetValidator.java
/workspace/web/src/main/java/org/akaza/openclinica/control/form/spreadsheet/SheetArgumentCell.java
/workspace/web/src/main/java/org/akaza/openclinica/control/form/spreadsheet/SheetCell.java
/workspace/web/src/main/java/org/akaza/openclinica/control/form/spreadsheet/SheetErrors.java
/workspace/web/src/main/java/org/akaza/openclinica/control/form/spreadsheet/SheetValidationCell.java
/workspace/web/src/main/java/org/akaza/openclinica/control/form/spreadsheet/SheetValidationContainer.java
/workspace/web/src/main/java/org/akaza/openclinica/control/form/spreadsheet/SheetValidationType.java
/workspace/web/src/main/java/org/akaza/openclinica/control/form/spreadsheet/SheetValidator.java
/workspace/web/src/main/java/org/akaza/openclinica/control/form/spreadsheet/SheetValidatorHelper.java
/workspace/web/src/main/java/org/akaza/openclinica/control/form/spreadsheet/SpreadSheetValidator.java
/workspace/web/src/main/java/org/akaza/openclinica/control/login/ChangeStudyServlet.java
/workspace/web/src/main/java/org/akaza/openclinica/control/login/ContactServlet.java
/workspace/web/src/main/java/org/akaza/openclinica/control/login/EnterpriseServlet.java
/workspace/web/src/main/java/org/akaza/openclinica/control/login/LogoutServlet.java
/workspace/web/src/main/java/org/akaza/openclinica/control/login/PasswordValidator.java
/workspace/web/src/main/java/org/akaza/openclinica/control/login/RequestAccountServlet.java
/workspace/web/src/main/java/org/akaza/openclinica/control/login/RequestPasswordServlet.java
/workspace/web/src/main/java/org/akaza/openclinica/control/login/RequestStudyServlet.java
/workspace/web/src/main/java/org/akaza/openclinica/control/login/ResetPasswordServlet.java
/workspace/web/src/main/java/org/akaza/openclinica/control/login/UpdateProfileServlet.java
/workspace/web/src/main/java/org/akaza/openclinica/control/managestudy/AddCRFToDefinitionServlet.java
/workspace/web/src/main/java/org/akaza/openclinica/control/managestudy/AssignUserToStudyServlet.java
/workspace/web/src/main/java/org/akaza/openclinica/control/managestudy/BeanFactory.java
/workspace/web/src/main/java/org/akaza/openclinica/control/managestudy/CRFVersionMetadataUtil.java
/workspace/web/src/main/java/org/akaza/openclinica/control/managestudy/ChangeDefinitionCRFOrdinalServlet.java
/workspace/web/src/main/java/org/akaza/openclinica/control/managestudy/ChangeDefinitionOrdinalServlet.java
/workspace/web/src/main/java/org/akaza/openclinica/control/managestudy/ChangeOrdinalServlet.java
/workspace/web/src/main/java/org/akaza/openclinica/control/managestudy/CreateStudyServlet.java
/workspace/web/src/main/java/org/akaza/openclinica/control/managestudy/CreateSubStudyServlet.java
/workspace/web/src/main/java/org/akaza/openclinica/control/managestudy/CreateSubjectGroupClassServlet.java
/workspace/web/src/main/java/org/akaza/openclinica/control/managestudy/DefineStudyEventServlet.java
/workspace/web/src/main/java/org/akaza/openclinica/control/managestudy/DeleteStudyEventServlet.java
/workspace/web/src/main/java/org/akaza/openclinica/control/managestudy/EventCrfLayerBuilder.java
/workspace/web/src/main/java/org/akaza/openclinica/control/managestudy/ExportExcelStudySubjectAuditLogServlet.java
/workspace/web/src/main/java/org/akaza/openclinica/control/managestudy/InitUpdateEventDefinitionServlet.java
/workspace/web/src/main/java/org/akaza/openclinica/control/managestudy/InitUpdateStudyServlet.java
/workspace/web/src/main/java/org/akaza/openclinica/control/managestudy/InitUpdateSubStudyServlet.java
/workspace/web/src/main/java/org/akaza/openclinica/control/managestudy/ListDiscNotesForCRFServlet.java
/workspace/web/src/main/java/org/akaza/openclinica/control/managestudy/ListDiscNotesSubjectServlet.java
/workspace/web/src/main/java/org/akaza/openclinica/control/managestudy/ListEventDefinitionServlet.java
/workspace/web/src/main/java/org/akaza/openclinica/control/managestudy/ListEventsForSubjectServlet.java
/workspace/web/src/main/java/org/akaza/openclinica/control/managestudy/ListEventsForSubjectTableFactory.java
/workspace/web/src/main/java/org/akaza/openclinica/control/managestudy/ListEventsForSubjectTableToolbar.java
/workspace/web/src/main/java/org/akaza/openclinica/control/managestudy/ListEventsForSubjectsServlet.java
/workspace/web/src/main/java/org/akaza/openclinica/control/managestudy/ListSiteServlet.java
/workspace/web/src/main/java/org/akaza/openclinica/control/managestudy/ListStudyServlet.java
/workspace/web/src/main/java/org/akaza/openclinica/control/managestudy/ListStudySubjectServlet.java
/workspace/web/src/main/java/org/akaza/openclinica/control/managestudy/ListStudySubjectsManageServlet.java
/workspace/web/src/main/java/org/akaza/openclinica/control/managestudy/ListStudyUserServlet.java
/workspace/web/src/main/java/org/akaza/openclinica/control/managestudy/ListSubjectGroupClassServlet.java
/workspace/web/src/main/java/org/akaza/openclinica/control/managestudy/LockCRFVersionServlet.java
/workspace/web/src/main/java/org/akaza/openclinica/control/managestudy/LockEventDefinitionServlet.java
/workspace/web/src/main/java/org/akaza/openclinica/control/managestudy/ManageStudyServlet.java
/workspace/web/src/main/java/org/akaza/openclinica/control/managestudy/PrintAllEventCRFServlet.java
/workspace/web/src/main/java/org/akaza/openclinica/control/managestudy/PrintAllSiteEventCRFServlet.java
/workspace/web/src/main/java/org/akaza/openclinica/control/managestudy/PrintCRFByIdServlet.java
/workspace/web/src/main/java/org/akaza/openclinica/control/managestudy/PrintCRFServlet.java
/workspace/web/src/main/java/org/akaza/openclinica/control/managestudy/PrintDataEntryServlet.java
/workspace/web/src/main/java/org/akaza/openclinica/control/managestudy/PrintEventCRFServlet.java
/workspace/web/src/main/java/org/akaza/openclinica/control/managestudy/ReassignStudySubjectServlet.java
/workspace/web/src/main/java/org/akaza/openclinica/control/managestudy/RemoveCRFFromDefinitionServlet.java
/workspace/web/src/main/java/org/akaza/openclinica/control/managestudy/RemoveEventCRFServlet.java
/workspace/web/src/main/java/org/akaza/openclinica/control/managestudy/RemoveEventDefinitionServlet.java
/workspace/web/src/main/java/org/akaza/openclinica/control/managestudy/RemoveSiteServlet.java
/workspace/web/src/main/java/org/akaza/openclinica/control/managestudy/RemoveStudyEventServlet.java
/workspace/web/src/main/java/org/akaza/openclinica/control/managestudy/RemoveStudySubjectServlet.java
/workspace/web/src/main/java/org/akaza/openclinica/control/managestudy/RemoveStudyUserRoleServlet.java
/workspace/web/src/main/java/org/akaza/openclinica/control/managestudy/RemoveSubjectGroupClassServlet.java
/workspace/web/src/main/java/org/akaza/openclinica/control/managestudy/ResolveDiscrepancyServlet.java
/workspace/web/src/main/java/org/akaza/openclinica/control/managestudy/RestoreCRFFromDefinitionServlet.java
/workspace/web/src/main/java/org/akaza/openclinica/control/managestudy/RestoreEventCRFServlet.java
/workspace/web/src/main/java/org/akaza/openclinica/control/managestudy/RestoreEventDefinitionServlet.java
/workspace/web/src/main/java/org/akaza/openclinica/control/managestudy/RestoreSiteServlet.java
/workspace/web/src/main/java/org/akaza/openclinica/control/managestudy/RestoreStudyEventServlet.java
/workspace/web/src/main/java/org/akaza/openclinica/control/managestudy/RestoreStudySubjectServlet.java
/workspace/web/src/main/java/org/akaza/openclinica/control/managestudy/RestoreStudyUserRoleServlet.java
/workspace/web/src/main/java/org/akaza/openclinica/control/managestudy/RestoreSubjectGroupClassServlet.java
/workspace/web/src/main/java/org/akaza/openclinica/control/managestudy/SetStudyUserRoleServlet.java
/workspace/web/src/main/java/org/akaza/openclinica/control/managestudy/SignStudySubjectServlet.java
/workspace/web/src/main/java/org/akaza/openclinica/control/managestudy/StudyAuditLogServlet.java
/workspace/web/src/main/java/org/akaza/openclinica/control/managestudy/StudyAuditLogTableFactory.java
/workspace/web/src/main/java/org/akaza/openclinica/control/managestudy/SubjectMatrixUtil.java
/workspace/web/src/main/java/org/akaza/openclinica/control/managestudy/UnlockCRFVersionServlet.java
/workspace/web/src/main/java/org/akaza/openclinica/control/managestudy/UnlockEventDefinitionServlet.java
/workspace/web/src/main/java/org/akaza/openclinica/control/managestudy/UpdateEventDefinitionServlet.java
/workspace/web/src/main/java/org/akaza/openclinica/control/managestudy/UpdateStudyEventServlet.java
/workspace/web/src/main/java/org/akaza/openclinica/control/managestudy/UpdateStudyServlet.java
/workspace/web/src/main/java/org/akaza/openclinica/control/managestudy/UpdateStudyServletNew.java
/workspace/web/src/main/java/org/akaza/openclinica/control/managestudy/UpdateStudySubjectServlet.java
/workspace/web/src/main/java/org/akaza/openclinica/control/managestudy/UpdateSubStudyServlet.java
/workspace/web/src/main/java/org/akaza/openclinica/control/managestudy/UpdateSubjectGroupClassServlet.java
/workspace/web/src/main/java/org/akaza/openclinica/control/managestudy/ViewCRFVersionPreview.java
/workspace/web/src/main/java/org/akaza/openclinica/control/managestudy/ViewCRFVersionServlet.java
/workspace/web/src/main/java/org/akaza/openclinica/control/managestudy/ViewEventCRFContentServlet.java
/workspace/web/src/main/java/org/akaza/openclinica/control/managestudy/ViewEventCRFServlet.java
/workspace/web/src/main/java/org/akaza/openclinica/control/managestudy/ViewEventDefinitionBean.java
/workspace/web/src/main/java/org/akaza/openclinica/control/managestudy/ViewEventDefinitionReadOnlyServlet.java
/workspace/web/src/main/java/org/akaza/openclinica/control/managestudy/ViewEventDefinitionServlet.java
/workspace/web/src/main/java/org/akaza/openclinica/control/managestudy/ViewItemAuditLogServlet.java
/workspace/web/src/main/java/org/akaza/openclinica/control/managestudy/ViewNoteServlet.java
/workspace/web/src/main/java/org/akaza/openclinica/control/managestudy/ViewNotesServlet.java
/workspace/web/src/main/java/org/akaza/openclinica/control/managestudy/ViewSectionDataEntryByIdServlet.java
/workspace/web/src/main/java/org/akaza/openclinica/control/managestudy/ViewSectionDataEntryPreview.java
/workspace/web/src/main/java/org/akaza/openclinica/control/managestudy/ViewSectionDataEntryRESTUrlServlet.java
/workspace/web/src/main/java/org/akaza/openclinica/control/managestudy/ViewSectionDataEntryServlet.java
/workspace/web/src/main/java/org/akaza/openclinica/control/managestudy/ViewSiteServlet.java
/workspace/web/src/main/java/org/akaza/openclinica/control/managestudy/ViewStudyEventsServlet.java
/workspace/web/src/main/java/org/akaza/openclinica/control/managestudy/ViewStudySubjectAuditLogServlet.java
/workspace/web/src/main/java/org/akaza/openclinica/control/managestudy/ViewStudySubjectServlet.java
/workspace/web/src/main/java/org/akaza/openclinica/control/managestudy/ViewStudyUserServlet.java
/workspace/web/src/main/java/org/akaza/openclinica/control/managestudy/ViewSubjectGroupClassServlet.java
/workspace/web/src/main/java/org/akaza/openclinica/control/managestudy/ViewTableOfContentServlet.java
/workspace/web/src/main/java/org/akaza/openclinica/control/rule/ExecuteCrossEditCheckServlet.java
/workspace/web/src/main/java/org/akaza/openclinica/control/submit/AddNewSubjectServlet.java
/workspace/web/src/main/java/org/akaza/openclinica/control/submit/AdministrativeEditingServlet.java
/workspace/web/src/main/java/org/akaza/openclinica/control/submit/CheckCRFLocked.java
/workspace/web/src/main/java/org/akaza/openclinica/control/submit/CreateDiscrepancyNoteServlet.java
/workspace/web/src/main/java/org/akaza/openclinica/control/submit/CreateNewStudyEventServlet.java
/workspace/web/src/main/java/org/akaza/openclinica/control/submit/CreateOneDiscrepancyNoteServlet.java
/workspace/web/src/main/java/org/akaza/openclinica/control/submit/DataEntryServlet.java
/workspace/web/src/main/java/org/akaza/openclinica/control/submit/DiscNotesSubjectStatisticsFactory.java
/workspace/web/src/main/java/org/akaza/openclinica/control/submit/DoubleDataEntryServlet.java
/workspace/web/src/main/java/org/akaza/openclinica/control/submit/DoubleDataProgress.java
/workspace/web/src/main/java/org/akaza/openclinica/control/submit/DownloadAttachedFileServlet.java
/workspace/web/src/main/java/org/akaza/openclinica/control/submit/DownloadRuleSetXmlServlet.java
/workspace/web/src/main/java/org/akaza/openclinica/control/submit/EnterDataForStudyEventServlet.java
/workspace/web/src/main/java/org/akaza/openclinica/control/submit/EnterDataProgress.java
/workspace/web/src/main/java/org/akaza/openclinica/control/submit/FindStudyEventServlet.java
/workspace/web/src/main/java/org/akaza/openclinica/control/submit/ImportCRFDataServlet.java
/workspace/web/src/main/java/org/akaza/openclinica/control/submit/ImportCRFInfo.java
/workspace/web/src/main/java/org/akaza/openclinica/control/submit/ImportCRFInfoContainer.java
/workspace/web/src/main/java/org/akaza/openclinica/control/submit/ImportRuleServlet.java
/workspace/web/src/main/java/org/akaza/openclinica/control/submit/InitialDataEntryServlet.java
/workspace/web/src/main/java/org/akaza/openclinica/control/submit/ListDiscNotesForCRFTableFactory.java
/workspace/web/src/main/java/org/akaza/openclinica/control/submit/ListDiscNotesForCRFTableToolbar.java
/workspace/web/src/main/java/org/akaza/openclinica/control/submit/ListDiscNotesSubjectTableFactory.java
/workspace/web/src/main/java/org/akaza/openclinica/control/submit/ListDiscNotesSubjectTableToolbar.java
/workspace/web/src/main/java/org/akaza/openclinica/control/submit/ListNotesTableFactory.java
/workspace/web/src/main/java/org/akaza/openclinica/control/submit/ListNotesTableToolbar.java
/workspace/web/src/main/java/org/akaza/openclinica/control/submit/ListStudySubjectTableFactory.java
/workspace/web/src/main/java/org/akaza/openclinica/control/submit/ListStudySubjectTableToolbar.java
/workspace/web/src/main/java/org/akaza/openclinica/control/submit/ListStudySubjectsServlet.java
/workspace/web/src/main/java/org/akaza/openclinica/control/submit/ListStudySubjectsSubmitServlet.java
/workspace/web/src/main/java/org/akaza/openclinica/control/submit/MarkEventCRFCompleteServlet.java
/workspace/web/src/main/java/org/akaza/openclinica/control/submit/MatchPasswordServlet.java
/workspace/web/src/main/java/org/akaza/openclinica/control/submit/ParticipantFormServlet.java
/workspace/web/src/main/java/org/akaza/openclinica/control/submit/RemoveRuleSetServlet.java
/workspace/web/src/main/java/org/akaza/openclinica/control/submit/RestoreRuleSetServlet.java
/workspace/web/src/main/java/org/akaza/openclinica/control/submit/RunRuleServlet.java
/workspace/web/src/main/java/org/akaza/openclinica/control/submit/RunRuleSetServlet.java
/workspace/web/src/main/java/org/akaza/openclinica/control/submit/SectionVisit.java
/workspace/web/src/main/java/org/akaza/openclinica/control/submit/SubmitDataServlet.java
/workspace/web/src/main/java/org/akaza/openclinica/control/submit/TableOfContentsServlet.java
/workspace/web/src/main/java/org/akaza/openclinica/control/submit/TestRuleServlet.java
/workspace/web/src/main/java/org/akaza/openclinica/control/submit/UpdateRuleSetRuleServlet.java
/workspace/web/src/main/java/org/akaza/openclinica/control/submit/UploadFileServlet.java
/workspace/web/src/main/java/org/akaza/openclinica/control/submit/VariableSubstitutionHelper.java
/workspace/web/src/main/java/org/akaza/openclinica/control/submit/VerifyImportedCRFDataServlet.java
/workspace/web/src/main/java/org/akaza/openclinica/control/submit/VerifyImportedRuleServlet.java
/workspace/web/src/main/java/org/akaza/openclinica/control/submit/ViewDiscrepancyNoteServlet.java
/workspace/web/src/main/java/org/akaza/openclinica/control/submit/ViewRuleAssignmentNewServlet.java
/workspace/web/src/main/java/org/akaza/openclinica/control/submit/ViewRuleAssignmentRow.java
/workspace/web/src/main/java/org/akaza/openclinica/control/submit/ViewRuleAssignmentServlet.java
/workspace/web/src/main/java/org/akaza/openclinica/control/submit/ViewRuleAssignmentTableFactory.java
/workspace/web/src/main/java/org/akaza/openclinica/control/submit/ViewRuleAssignmentTableToolbar.java
/workspace/web/src/main/java/org/akaza/openclinica/control/submit/ViewRuleSetAuditServlet.java
/workspace/web/src/main/java/org/akaza/openclinica/control/submit/ViewRuleSetServlet.java
/workspace/web/src/main/java/org/akaza/openclinica/control/submit/XmlParser.java
/workspace/web/src/main/java/org/akaza/openclinica/control/techadmin/TechAdminServlet.java
/workspace/web/src/main/java/org/akaza/openclinica/control/techadmin/ViewSchedulerServlet.java
/workspace/web/src/main/java/org/akaza/openclinica/control/urlRewrite/OpenClinicaResource.java
/workspace/web/src/main/java/org/akaza/openclinica/control/urlRewrite/UrlRewriteServlet.java
/workspace/web/src/main/java/org/akaza/openclinica/controller/AccountController.java
/workspace/web/src/main/java/org/akaza/openclinica/controller/AnonymousFormControllerV2.java
/workspace/web/src/main/java/org/akaza/openclinica/controller/BatchCRFMigrationController.java
/workspace/web/src/main/java/org/akaza/openclinica/controller/ChangeCRFVersionController.java
/workspace/web/src/main/java/org/akaza/openclinica/controller/DiscrepancyNoteController.java
/workspace/web/src/main/java/org/akaza/openclinica/controller/EditFormController.java
/workspace/web/src/main/java/org/akaza/openclinica/controller/ExtractController.java
/workspace/web/src/main/java/org/akaza/openclinica/controller/IdtViewController.java
/workspace/web/src/main/java/org/akaza/openclinica/controller/ODMClinicalDataController.java
/workspace/web/src/main/java/org/akaza/openclinica/controller/OdmController.java
/workspace/web/src/main/java/org/akaza/openclinica/controller/OdmStudySubjectController.java
/workspace/web/src/main/java/org/akaza/openclinica/controller/ReportController.java
/workspace/web/src/main/java/org/akaza/openclinica/controller/RuleController.java
/workspace/web/src/main/java/org/akaza/openclinica/controller/SDVController.java
/workspace/web/src/main/java/org/akaza/openclinica/controller/ScheduledJobController.java
/workspace/web/src/main/java/org/akaza/openclinica/controller/SidebarEnumConstants.java
/workspace/web/src/main/java/org/akaza/openclinica/controller/SidebarInit.java
/workspace/web/src/main/java/org/akaza/openclinica/controller/StudyController.java
/workspace/web/src/main/java/org/akaza/openclinica/controller/StudyEventController.java
/workspace/web/src/main/java/org/akaza/openclinica/controller/StudyModuleController.java
/workspace/web/src/main/java/org/akaza/openclinica/controller/SystemController.java
/workspace/web/src/main/java/org/akaza/openclinica/controller/UserAccountController.java
/workspace/web/src/main/java/org/akaza/openclinica/controller/UserController.java
/workspace/web/src/main/java/org/akaza/openclinica/controller/UserInfoController.java
/workspace/web/src/main/java/org/akaza/openclinica/controller/helper/HelperObject.java
/workspace/web/src/main/java/org/akaza/openclinica/controller/helper/ReportLog.java
/workspace/web/src/main/java/org/akaza/openclinica/controller/helper/SdvFilterDataBean.java
/workspace/web/src/main/java/org/akaza/openclinica/controller/helper/SetUpStudyRole.java
/workspace/web/src/main/java/org/akaza/openclinica/controller/helper/SetUpUserInterceptor.java
/workspace/web/src/main/java/org/akaza/openclinica/controller/helper/TransferObject.java
/workspace/web/src/main/java/org/akaza/openclinica/controller/helper/table/SDVToolbar.java
/workspace/web/src/main/java/org/akaza/openclinica/controller/helper/table/SDVToolbarSubject.java
/workspace/web/src/main/java/org/akaza/openclinica/controller/helper/table/SubjectAggregateContainer.java
/workspace/web/src/main/java/org/akaza/openclinica/controller/helper/table/SubjectSDVContainer.java
/workspace/web/src/main/java/org/akaza/openclinica/controller/openrosa/ItemItemDataContainer.java
/workspace/web/src/main/java/org/akaza/openclinica/controller/openrosa/OpenRosaSubmissionController.java
/workspace/web/src/main/java/org/akaza/openclinica/controller/openrosa/OpenRosaSubmissionService.java
/workspace/web/src/main/java/org/akaza/openclinica/controller/openrosa/PformSubmissionNotificationService.java
/workspace/web/src/main/java/org/akaza/openclinica/controller/openrosa/PformValidator.java
/workspace/web/src/main/java/org/akaza/openclinica/controller/openrosa/SubmissionContainer.java
/workspace/web/src/main/java/org/akaza/openclinica/controller/openrosa/SubmissionProcessorChain.java
/workspace/web/src/main/java/org/akaza/openclinica/controller/openrosa/processor/EventProcessor.java
/workspace/web/src/main/java/org/akaza/openclinica/controller/openrosa/processor/ItemProcessor.java
/workspace/web/src/main/java/org/akaza/openclinica/controller/openrosa/processor/Processor.java
/workspace/web/src/main/java/org/akaza/openclinica/controller/openrosa/processor/StudySubjectProcessor.java
/workspace/web/src/main/java/org/akaza/openclinica/controller/openrosa/processor/UserProcessor.java
/workspace/web/src/main/java/org/akaza/openclinica/controller/user/LdapUserController.java
/workspace/web/src/main/java/org/akaza/openclinica/view/BreadcrumbBean.java
/workspace/web/src/main/java/org/akaza/openclinica/view/BreadcrumbTrail.java
/workspace/web/src/main/java/org/akaza/openclinica/view/FilterTable.java
/workspace/web/src/main/java/org/akaza/openclinica/view/Link.java
/workspace/web/src/main/java/org/akaza/openclinica/view/Page.java
/workspace/web/src/main/java/org/akaza/openclinica/view/StudyInfoPanel.java
/workspace/web/src/main/java/org/akaza/openclinica/view/StudyInfoPanelLine.java
/workspace/web/src/main/java/org/akaza/openclinica/view/StudyInfoPanelLineSubmit.java
/workspace/web/src/main/java/org/akaza/openclinica/view/Table.java
/workspace/web/src/main/java/org/akaza/openclinica/view/UserAccountTable.java
/workspace/web/src/main/java/org/akaza/openclinica/view/display/DisplaySectionBeanHandler.java
/workspace/web/src/main/java/org/akaza/openclinica/view/form/CellFactory.java
/workspace/web/src/main/java/org/akaza/openclinica/view/form/CellFactoryPrintDecorator.java
/workspace/web/src/main/java/org/akaza/openclinica/view/form/CssRules.java
/workspace/web/src/main/java/org/akaza/openclinica/view/form/DataEntryDecorator.java
/workspace/web/src/main/java/org/akaza/openclinica/view/form/DataEntryInputGenerator.java
/workspace/web/src/main/java/org/akaza/openclinica/view/form/DefaultFormBuilder.java
/workspace/web/src/main/java/org/akaza/openclinica/view/form/FormBeanUtil.java
/workspace/web/src/main/java/org/akaza/openclinica/view/form/FormBeanUtilDecorator.java
/workspace/web/src/main/java/org/akaza/openclinica/view/form/FormBuilder.java
/workspace/web/src/main/java/org/akaza/openclinica/view/form/FormBuilderTest.java
/workspace/web/src/main/java/org/akaza/openclinica/view/form/FormServlet.java
/workspace/web/src/main/java/org/akaza/openclinica/view/form/HorizontalFormBuilder.java
/workspace/web/src/main/java/org/akaza/openclinica/view/form/InputGenerator.java
/workspace/web/src/main/java/org/akaza/openclinica/view/form/LayoutRule.java
/workspace/web/src/main/java/org/akaza/openclinica/view/form/NbspaceContent.java
/workspace/web/src/main/java/org/akaza/openclinica/view/form/PrintHorizontalFormBuilder.java
/workspace/web/src/main/java/org/akaza/openclinica/view/form/RepeatManager.java
/workspace/web/src/main/java/org/akaza/openclinica/view/form/Rule.java
/workspace/web/src/main/java/org/akaza/openclinica/view/form/VerticalFormBuilder.java
/workspace/web/src/main/java/org/akaza/openclinica/view/form/ViewBuilderPrintDecorator.java
/workspace/web/src/main/java/org/akaza/openclinica/view/form/ViewBuilderUtil.java
/workspace/web/src/main/java/org/akaza/openclinica/view/form/ViewPersistanceHandler.java
/workspace/web/src/main/java/org/akaza/openclinica/view/tags/AlertTag.java
/workspace/web/src/main/java/org/akaza/openclinica/view/tags/JavaScriptEscapeTag.java
/workspace/web/src/main/java/org/akaza/openclinica/view/tags/PrintTableTag.java
/workspace/web/src/main/java/org/akaza/openclinica/view/tags/TableTag.java
/workspace/web/src/main/java/org/akaza/openclinica/web/InconsistentStateException.java
/workspace/web/src/main/java/org/akaza/openclinica/web/InsufficientPermissionException.java
/workspace/web/src/main/java/org/akaza/openclinica/web/JakartaWebContext.java
/workspace/web/src/main/java/org/akaza/openclinica/web/SQLInitServlet.java
/workspace/web/src/main/java/org/akaza/openclinica/web/bean/ArchivedDatasetFileRow.java
/workspace/web/src/main/java/org/akaza/openclinica/web/bean/AuditEventRow.java
/workspace/web/src/main/java/org/akaza/openclinica/web/bean/AuditEventStudyRow.java
/workspace/web/src/main/java/org/akaza/openclinica/web/bean/CRFRow.java
/workspace/web/src/main/java/org/akaza/openclinica/web/bean/DatasetRow.java
/workspace/web/src/main/java/org/akaza/openclinica/web/bean/DiscrepancyNoteRow.java
/workspace/web/src/main/java/org/akaza/openclinica/web/bean/DisplayStudyEventRow.java
/workspace/web/src/main/java/org/akaza/openclinica/web/bean/DisplayStudyRow.java
/workspace/web/src/main/java/org/akaza/openclinica/web/bean/DisplayStudySubjectEventsRow.java
/workspace/web/src/main/java/org/akaza/openclinica/web/bean/DisplayStudySubjectRow.java
/workspace/web/src/main/java/org/akaza/openclinica/web/bean/DisplaySubjectRow.java
/workspace/web/src/main/java/org/akaza/openclinica/web/bean/EntityBeanColumn.java
/workspace/web/src/main/java/org/akaza/openclinica/web/bean/EntityBeanRow.java
/workspace/web/src/main/java/org/akaza/openclinica/web/bean/EntityBeanTable.java
/workspace/web/src/main/java/org/akaza/openclinica/web/bean/FilterRow.java
/workspace/web/src/main/java/org/akaza/openclinica/web/bean/ListCRFRow.java
/workspace/web/src/main/java/org/akaza/openclinica/web/bean/StudyEventDefinitionRow.java
/workspace/web/src/main/java/org/akaza/openclinica/web/bean/StudyEventRow.java
/workspace/web/src/main/java/org/akaza/openclinica/web/bean/StudyGroupClassRow.java
/workspace/web/src/main/java/org/akaza/openclinica/web/bean/StudyRow.java
/workspace/web/src/main/java/org/akaza/openclinica/web/bean/StudyUserRoleRow.java
/workspace/web/src/main/java/org/akaza/openclinica/web/bean/SubjectRow.java
/workspace/web/src/main/java/org/akaza/openclinica/web/bean/TriggerRow.java
/workspace/web/src/main/java/org/akaza/openclinica/web/bean/UserAccountRow.java
/workspace/web/src/main/java/org/akaza/openclinica/web/crfdata/ImportCRFDataService.java
/workspace/web/src/main/java/org/akaza/openclinica/web/crfdata/ImportHelper.java
/workspace/web/src/main/java/org/akaza/openclinica/web/domain/EntityBeanColumn.java
/workspace/web/src/main/java/org/akaza/openclinica/web/domain/EntityBeanRow.java
/workspace/web/src/main/java/org/akaza/openclinica/web/domain/EntityBeanTable.java
/workspace/web/src/main/java/org/akaza/openclinica/web/filter/LocaleFilter.java
/workspace/web/src/main/java/org/akaza/openclinica/web/filter/OpenClinicaJdbcService.java
/workspace/web/src/main/java/org/akaza/openclinica/web/filter/OpenClinicaSecurityContextLogoutHandler.java
/workspace/web/src/main/java/org/akaza/openclinica/web/filter/OpenClinicaSessionRegistryImpl.java
/workspace/web/src/main/java/org/akaza/openclinica/web/filter/OpenClinicaUsernamePasswordAuthenticationFilter.java
/workspace/web/src/main/java/org/akaza/openclinica/web/filter/rest/RestODMFilter.java
/workspace/web/src/main/java/org/akaza/openclinica/web/job/CrfBusinessLogicHelper.java
/workspace/web/src/main/java/org/akaza/openclinica/web/job/ExampleSpringJob.java
/workspace/web/src/main/java/org/akaza/openclinica/web/job/ExampleStatefulJob.java
/workspace/web/src/main/java/org/akaza/openclinica/web/job/ImportSpringJob.java
/workspace/web/src/main/java/org/akaza/openclinica/web/job/ImportStatefulJob.java
/workspace/web/src/main/java/org/akaza/openclinica/web/job/TriggerService.java
/workspace/web/src/main/java/org/akaza/openclinica/web/job/XalanStatefulJob.java
/workspace/web/src/main/java/org/akaza/openclinica/web/job/XalanTransformJob.java
/workspace/web/src/main/java/org/akaza/openclinica/web/job/XalanTriggerService.java
/workspace/web/src/main/java/org/akaza/openclinica/web/pform/EnketoAPI.java
/workspace/web/src/main/java/org/akaza/openclinica/web/pform/EnketoCredentials.java
/workspace/web/src/main/java/org/akaza/openclinica/web/pform/EnketoEditURLRequest.java
/workspace/web/src/main/java/org/akaza/openclinica/web/pform/EnketoURLRequest.java
/workspace/web/src/main/java/org/akaza/openclinica/web/pform/EnketoURLResponse.java
/workspace/web/src/main/java/org/akaza/openclinica/web/pform/ExpressionExpressionEvaluate.java
/workspace/web/src/main/java/org/akaza/openclinica/web/pform/OpenRosaServices.java
/workspace/web/src/main/java/org/akaza/openclinica/web/pform/OpenRosaXmlGenerator.java
/workspace/web/src/main/java/org/akaza/openclinica/web/pform/PFormCache.java
/workspace/web/src/main/java/org/akaza/openclinica/web/pform/dto/Bind.java
/workspace/web/src/main/java/org/akaza/openclinica/web/pform/dto/Body.java
/workspace/web/src/main/java/org/akaza/openclinica/web/pform/dto/Group.java
/workspace/web/src/main/java/org/akaza/openclinica/web/pform/dto/Head.java
/workspace/web/src/main/java/org/akaza/openclinica/web/pform/dto/Hint.java
/workspace/web/src/main/java/org/akaza/openclinica/web/pform/dto/Html.java
/workspace/web/src/main/java/org/akaza/openclinica/web/pform/dto/Input.java
/workspace/web/src/main/java/org/akaza/openclinica/web/pform/dto/Item.java
/workspace/web/src/main/java/org/akaza/openclinica/web/pform/dto/Label.java
/workspace/web/src/main/java/org/akaza/openclinica/web/pform/dto/Model.java
/workspace/web/src/main/java/org/akaza/openclinica/web/pform/dto/Repeat.java
/workspace/web/src/main/java/org/akaza/openclinica/web/pform/dto/Section.java
/workspace/web/src/main/java/org/akaza/openclinica/web/pform/dto/Select.java
/workspace/web/src/main/java/org/akaza/openclinica/web/pform/dto/Select1.java
/workspace/web/src/main/java/org/akaza/openclinica/web/pform/dto/UserControl.java
/workspace/web/src/main/java/org/akaza/openclinica/web/pform/formlist/XForm.java
/workspace/web/src/main/java/org/akaza/openclinica/web/pform/formlist/XFormList.java
/workspace/web/src/main/java/org/akaza/openclinica/web/pform/manifest/Manifest.java
/workspace/web/src/main/java/org/akaza/openclinica/web/pform/manifest/MediaFile.java
/workspace/web/src/main/java/org/akaza/openclinica/web/pform/widget/BaseWidget.java
/workspace/web/src/main/java/org/akaza/openclinica/web/pform/widget/GroupWidget.java
/workspace/web/src/main/java/org/akaza/openclinica/web/pform/widget/HeaderWidget.java
/workspace/web/src/main/java/org/akaza/openclinica/web/pform/widget/InputWidget.java
/workspace/web/src/main/java/org/akaza/openclinica/web/pform/widget/SectionTextWidget.java
/workspace/web/src/main/java/org/akaza/openclinica/web/pform/widget/SectionWidget.java
/workspace/web/src/main/java/org/akaza/openclinica/web/pform/widget/Select1Widget.java
/workspace/web/src/main/java/org/akaza/openclinica/web/pform/widget/SelectWidget.java
/workspace/web/src/main/java/org/akaza/openclinica/web/pform/widget/SubHeaderWidget.java
/workspace/web/src/main/java/org/akaza/openclinica/web/pform/widget/Widget.java
/workspace/web/src/main/java/org/akaza/openclinica/web/pform/widget/WidgetFactory.java
/workspace/web/src/main/java/org/akaza/openclinica/web/restful/ClinicalDataCollectorResource.java
/workspace/web/src/main/java/org/akaza/openclinica/web/restful/JSONClinicalDataPostProcessor.java
/workspace/web/src/main/java/org/akaza/openclinica/web/restful/MetadataCollectorResource.java
/workspace/web/src/main/java/org/akaza/openclinica/web/restful/ODMClinicaDataResource.java
/workspace/web/src/main/java/org/akaza/openclinica/web/restful/ODMMetadataRestResource.java
/workspace/web/src/main/java/org/akaza/openclinica/web/table/scheduledjobs/ScheduledJobTableFactory.java
/workspace/web/src/main/java/org/akaza/openclinica/web/table/scheduledjobs/ScheduledJobs.java
/workspace/web/src/main/java/org/akaza/openclinica/web/table/sdv/CrfStatusFilter.java
/workspace/web/src/main/java/org/akaza/openclinica/web/table/sdv/CrfStatusMatcher.java
/workspace/web/src/main/java/org/akaza/openclinica/web/table/sdv/SDVRequirementFilter.java
/workspace/web/src/main/java/org/akaza/openclinica/web/table/sdv/SDVRequirementMatcher.java
/workspace/web/src/main/java/org/akaza/openclinica/web/table/sdv/SDVUtil.java
/workspace/web/src/main/java/org/akaza/openclinica/web/table/sdv/SdvStatusFilter.java
/workspace/web/src/main/java/org/akaza/openclinica/web/table/sdv/SdvStatusMatcher.java
/workspace/web/src/main/java/org/akaza/openclinica/web/table/sdv/SubjectIdSDVFactory.java
/workspace/web/src/main/java/org/akaza/openclinica/web/table/sdv/SubjectStatusFilter.java
/workspace/web/src/main/java/org/akaza/openclinica/web/table/sdv/SubjectStatusMatcher.java
